source 2.1
<!-- snippet:snippet1 -->

snippet1.txt#L1-L3"

snippet 1 content

<!-- /snippet:snippet1 -->
source 2.2
<!-- snippet:snippet2 -->

nested_folder/snippet2.txt#L5-L6"

snippet 2 content

<!-- /snippet:snippet2 -->
source 2.3
